июл. 17, 2024 11:56:03 PM files.lesson_4_4_8.LoggerExample logging
INFO: All good
июл. 17, 2024 11:56:03 PM files.lesson_4_4_8.LoggerExample logging
WARNING: An error occurred
